args.batch_size = 170
train_dataloader.batch_size = 170
len(train_dataset) = 7000
len(train_dataloader) = 42
Train Epoch: 1 	Loss: 2.305416, Accuracy: 3152/21000 (15.009524%)


Validation set: Loss: 2.1977, Accuracy: 2193/9000 (24.366667%)

The validation loss is improved from inf to 2.1977, new model weight is saved.
Train Epoch: 2 	Loss: 2.098463, Accuracy: 6030/21000 (28.714286%)


Validation set: Loss: 1.9336, Accuracy: 3076/9000 (34.177778%)

The validation loss is improved from 2.1977 to 1.9336, new model weight is saved.
Train Epoch: 3 	Loss: 1.928371, Accuracy: 7151/21000 (34.052381%)


Validation set: Loss: 1.7586, Accuracy: 3404/9000 (37.822222%)

The validation loss is improved from 1.9336 to 1.7586, new model weight is saved.
Train Epoch: 4 	Loss: 1.797229, Accuracy: 7505/21000 (35.738095%)


Validation set: Loss: 1.6196, Accuracy: 3598/9000 (39.977778%)

The validation loss is improved from 1.7586 to 1.6196, new model weight is saved.
Train Epoch: 5 	Loss: 1.684059, Accuracy: 7779/21000 (37.042857%)


Validation set: Loss: 1.5205, Accuracy: 3673/9000 (40.811111%)

The validation loss is improved from 1.6196 to 1.5205, new model weight is saved.
Train Epoch: 6 	Loss: 1.589378, Accuracy: 8137/21000 (38.747619%)


Validation set: Loss: 1.4200, Accuracy: 4157/9000 (46.188889%)

The validation loss is improved from 1.5205 to 1.4200, new model weight is saved.
Train Epoch: 7 	Loss: 1.503456, Accuracy: 8851/21000 (42.147619%)


Validation set: Loss: 1.3342, Accuracy: 4747/9000 (52.744444%)

The validation loss is improved from 1.4200 to 1.3342, new model weight is saved.
Train Epoch: 8 	Loss: 1.417759, Accuracy: 10095/21000 (48.071429%)


Validation set: Loss: 1.2375, Accuracy: 5425/9000 (60.277778%)

The validation loss is improved from 1.3342 to 1.2375, new model weight is saved.
Train Epoch: 9 	Loss: 1.340872, Accuracy: 10678/21000 (50.847619%)


Validation set: Loss: 1.1146, Accuracy: 5925/9000 (65.833333%)

The validation loss is improved from 1.2375 to 1.1146, new model weight is saved.
Train Epoch: 10 	Loss: 1.244514, Accuracy: 11528/21000 (54.895238%)


Validation set: Loss: 1.0177, Accuracy: 5987/9000 (66.522222%)

The validation loss is improved from 1.1146 to 1.0177, new model weight is saved.
Train Epoch: 11 	Loss: 1.175287, Accuracy: 11978/21000 (57.038095%)


Validation set: Loss: 0.9371, Accuracy: 6197/9000 (68.855556%)

The validation loss is improved from 1.0177 to 0.9371, new model weight is saved.
Train Epoch: 12 	Loss: 1.121770, Accuracy: 12221/21000 (58.195238%)


Validation set: Loss: 0.8871, Accuracy: 6285/9000 (69.833333%)

The validation loss is improved from 0.9371 to 0.8871, new model weight is saved.
Train Epoch: 13 	Loss: 1.075735, Accuracy: 12443/21000 (59.252381%)


Validation set: Loss: 0.8292, Accuracy: 6439/9000 (71.544444%)

The validation loss is improved from 0.8871 to 0.8292, new model weight is saved.
Train Epoch: 14 	Loss: 1.040020, Accuracy: 12695/21000 (60.452381%)


Validation set: Loss: 0.7946, Accuracy: 6461/9000 (71.788889%)

The validation loss is improved from 0.8292 to 0.7946, new model weight is saved.
Train Epoch: 15 	Loss: 1.005200, Accuracy: 12918/21000 (61.514286%)


Validation set: Loss: 0.7936, Accuracy: 6482/9000 (72.022222%)

The validation loss is improved from 0.7946 to 0.7936, new model weight is saved.
Train Epoch: 16 	Loss: 0.967667, Accuracy: 13138/21000 (62.561905%)


Validation set: Loss: 0.7452, Accuracy: 6442/9000 (71.577778%)

The validation loss is improved from 0.7936 to 0.7452, new model weight is saved.
Train Epoch: 17 	Loss: 0.935771, Accuracy: 13372/21000 (63.676190%)


Validation set: Loss: 0.7034, Accuracy: 6629/9000 (73.655556%)

The validation loss is improved from 0.7452 to 0.7034, new model weight is saved.
Train Epoch: 18 	Loss: 0.916992, Accuracy: 13393/21000 (63.776190%)


Validation set: Loss: 0.6746, Accuracy: 6651/9000 (73.900000%)

The validation loss is improved from 0.7034 to 0.6746, new model weight is saved.
Train Epoch: 19 	Loss: 0.893583, Accuracy: 13561/21000 (64.576190%)


Validation set: Loss: 0.6528, Accuracy: 6710/9000 (74.555556%)

The validation loss is improved from 0.6746 to 0.6528, new model weight is saved.
Train Epoch: 20 	Loss: 0.867665, Accuracy: 13673/21000 (65.109524%)


Validation set: Loss: 0.6468, Accuracy: 6698/9000 (74.422222%)

The validation loss is improved from 0.6528 to 0.6468, new model weight is saved.
Train Epoch: 21 	Loss: 0.854569, Accuracy: 13702/21000 (65.247619%)


Validation set: Loss: 0.6205, Accuracy: 6802/9000 (75.577778%)

The validation loss is improved from 0.6468 to 0.6205, new model weight is saved.
Train Epoch: 22 	Loss: 0.835750, Accuracy: 13906/21000 (66.219048%)


Validation set: Loss: 0.6027, Accuracy: 6854/9000 (76.155556%)

The validation loss is improved from 0.6205 to 0.6027, new model weight is saved.
Train Epoch: 23 	Loss: 0.817471, Accuracy: 13973/21000 (66.538095%)


Validation set: Loss: 0.5852, Accuracy: 6825/9000 (75.833333%)

The validation loss is improved from 0.6027 to 0.5852, new model weight is saved.
Train Epoch: 24 	Loss: 0.799292, Accuracy: 14136/21000 (67.314286%)


Validation set: Loss: 0.5627, Accuracy: 7054/9000 (78.377778%)

The validation loss is improved from 0.5852 to 0.5627, new model weight is saved.
Train Epoch: 25 	Loss: 0.780861, Accuracy: 14256/21000 (67.885714%)


Validation set: Loss: 0.5514, Accuracy: 7006/9000 (77.844444%)

The validation loss is improved from 0.5627 to 0.5514, new model weight is saved.
Train Epoch: 26 	Loss: 0.775506, Accuracy: 14302/21000 (68.104762%)


Validation set: Loss: 0.5292, Accuracy: 7189/9000 (79.877778%)

The validation loss is improved from 0.5514 to 0.5292, new model weight is saved.
Train Epoch: 27 	Loss: 0.743579, Accuracy: 14594/21000 (69.495238%)


Validation set: Loss: 0.5204, Accuracy: 7047/9000 (78.300000%)

The validation loss is improved from 0.5292 to 0.5204, new model weight is saved.
Train Epoch: 28 	Loss: 0.738704, Accuracy: 14535/21000 (69.214286%)


Validation set: Loss: 0.4997, Accuracy: 7303/9000 (81.144444%)

The validation loss is improved from 0.5204 to 0.4997, new model weight is saved.
Train Epoch: 29 	Loss: 0.730501, Accuracy: 14746/21000 (70.219048%)


Validation set: Loss: 0.4960, Accuracy: 7139/9000 (79.322222%)

The validation loss is improved from 0.4997 to 0.4960, new model weight is saved.
Train Epoch: 30 	Loss: 0.712587, Accuracy: 14820/21000 (70.571429%)


Validation set: Loss: 0.4728, Accuracy: 7313/9000 (81.255556%)

The validation loss is improved from 0.4960 to 0.4728, new model weight is saved.
Train Epoch: 31 	Loss: 0.699682, Accuracy: 14941/21000 (71.147619%)


Validation set: Loss: 0.4655, Accuracy: 7311/9000 (81.233333%)

The validation loss is improved from 0.4728 to 0.4655, new model weight is saved.
Train Epoch: 32 	Loss: 0.683984, Accuracy: 15072/21000 (71.771429%)


Validation set: Loss: 0.4402, Accuracy: 7487/9000 (83.188889%)

The validation loss is improved from 0.4655 to 0.4402, new model weight is saved.
Train Epoch: 33 	Loss: 0.669086, Accuracy: 15215/21000 (72.452381%)


Validation set: Loss: 0.4537, Accuracy: 7275/9000 (80.833333%)

The validation loss is not improved.
Train Epoch: 34 	Loss: 0.654534, Accuracy: 15287/21000 (72.795238%)


Validation set: Loss: 0.4114, Accuracy: 7601/9000 (84.455556%)

The validation loss is improved from 0.4402 to 0.4114, new model weight is saved.
Train Epoch: 35 	Loss: 0.644458, Accuracy: 15404/21000 (73.352381%)


Validation set: Loss: 0.4096, Accuracy: 7659/9000 (85.100000%)

The validation loss is improved from 0.4114 to 0.4096, new model weight is saved.
Train Epoch: 36 	Loss: 0.640602, Accuracy: 15514/21000 (73.876190%)


Validation set: Loss: 0.4053, Accuracy: 7457/9000 (82.855556%)

The validation loss is improved from 0.4096 to 0.4053, new model weight is saved.
Train Epoch: 37 	Loss: 0.627825, Accuracy: 15465/21000 (73.642857%)


Validation set: Loss: 0.4143, Accuracy: 7385/9000 (82.055556%)

The validation loss is not improved.
Train Epoch: 38 	Loss: 0.617243, Accuracy: 15664/21000 (74.590476%)


Validation set: Loss: 0.3905, Accuracy: 7626/9000 (84.733333%)

The validation loss is improved from 0.4053 to 0.3905, new model weight is saved.
Train Epoch: 39 	Loss: 0.602078, Accuracy: 15711/21000 (74.814286%)


Validation set: Loss: 0.3695, Accuracy: 7666/9000 (85.177778%)

The validation loss is improved from 0.3905 to 0.3695, new model weight is saved.
Train Epoch: 40 	Loss: 0.597852, Accuracy: 15820/21000 (75.333333%)


Validation set: Loss: 0.3687, Accuracy: 7679/9000 (85.322222%)

The validation loss is improved from 0.3695 to 0.3687, new model weight is saved.
Train Epoch: 41 	Loss: 0.596650, Accuracy: 15810/21000 (75.285714%)


Validation set: Loss: 0.3530, Accuracy: 7755/9000 (86.166667%)

The validation loss is improved from 0.3687 to 0.3530, new model weight is saved.
Train Epoch: 42 	Loss: 0.586064, Accuracy: 15817/21000 (75.319048%)


Validation set: Loss: 0.3512, Accuracy: 7659/9000 (85.100000%)

The validation loss is improved from 0.3530 to 0.3512, new model weight is saved.
Train Epoch: 43 	Loss: 0.580762, Accuracy: 15866/21000 (75.552381%)


Validation set: Loss: 0.3422, Accuracy: 7679/9000 (85.322222%)

The validation loss is improved from 0.3512 to 0.3422, new model weight is saved.
Train Epoch: 44 	Loss: 0.563766, Accuracy: 16121/21000 (76.766667%)


Validation set: Loss: 0.3223, Accuracy: 7821/9000 (86.900000%)

The validation loss is improved from 0.3422 to 0.3223, new model weight is saved.
Train Epoch: 45 	Loss: 0.557667, Accuracy: 16063/21000 (76.490476%)


Validation set: Loss: 0.3116, Accuracy: 7934/9000 (88.155556%)

The validation loss is improved from 0.3223 to 0.3116, new model weight is saved.
Train Epoch: 46 	Loss: 0.562048, Accuracy: 16116/21000 (76.742857%)


Validation set: Loss: 0.3140, Accuracy: 7813/9000 (86.811111%)

The validation loss is not improved.
Train Epoch: 47 	Loss: 0.554683, Accuracy: 16079/21000 (76.566667%)


Validation set: Loss: 0.3027, Accuracy: 7950/9000 (88.333333%)

The validation loss is improved from 0.3116 to 0.3027, new model weight is saved.
Train Epoch: 48 	Loss: 0.545313, Accuracy: 16136/21000 (76.838095%)


Validation set: Loss: 0.3684, Accuracy: 7431/9000 (82.566667%)

The validation loss is not improved.
Train Epoch: 49 	Loss: 0.539537, Accuracy: 16208/21000 (77.180952%)


Validation set: Loss: 0.2947, Accuracy: 7967/9000 (88.522222%)

The validation loss is improved from 0.3027 to 0.2947, new model weight is saved.
Train Epoch: 50 	Loss: 0.535912, Accuracy: 16246/21000 (77.361905%)


Validation set: Loss: 0.2989, Accuracy: 7829/9000 (86.988889%)

The validation loss is not improved.
Train Epoch: 51 	Loss: 0.530321, Accuracy: 16358/21000 (77.895238%)


Validation set: Loss: 0.3085, Accuracy: 7764/9000 (86.266667%)

The validation loss is not improved.
Train Epoch: 52 	Loss: 0.519915, Accuracy: 16363/21000 (77.919048%)


Validation set: Loss: 0.2745, Accuracy: 8037/9000 (89.300000%)

The validation loss is improved from 0.2947 to 0.2745, new model weight is saved.
Train Epoch: 53 	Loss: 0.517887, Accuracy: 16379/21000 (77.995238%)


Validation set: Loss: 0.3000, Accuracy: 7782/9000 (86.466667%)

The validation loss is not improved.
Train Epoch: 54 	Loss: 0.514623, Accuracy: 16468/21000 (78.419048%)


Validation set: Loss: 0.2883, Accuracy: 7920/9000 (88.000000%)

The validation loss is not improved.
Train Epoch: 55 	Loss: 0.515256, Accuracy: 16428/21000 (78.228571%)


Validation set: Loss: 0.2754, Accuracy: 7976/9000 (88.622222%)

The validation loss is not improved.
Train Epoch: 56 	Loss: 0.517836, Accuracy: 16424/21000 (78.209524%)


Validation set: Loss: 0.2704, Accuracy: 8025/9000 (89.166667%)

The validation loss is improved from 0.2745 to 0.2704, new model weight is saved.
Train Epoch: 57 	Loss: 0.498434, Accuracy: 16597/21000 (79.033333%)


Validation set: Loss: 0.2641, Accuracy: 7987/9000 (88.744444%)

The validation loss is improved from 0.2704 to 0.2641, new model weight is saved.
Train Epoch: 58 	Loss: 0.497058, Accuracy: 16662/21000 (79.342857%)


Validation set: Loss: 0.2885, Accuracy: 7835/9000 (87.055556%)

The validation loss is not improved.
Train Epoch: 59 	Loss: 0.498620, Accuracy: 16560/21000 (78.857143%)


Validation set: Loss: 0.3094, Accuracy: 7678/9000 (85.311111%)

The validation loss is not improved.
Train Epoch: 60 	Loss: 0.497771, Accuracy: 16582/21000 (78.961905%)


Validation set: Loss: 0.2485, Accuracy: 8111/9000 (90.122222%)

The validation loss is improved from 0.2641 to 0.2485, new model weight is saved.
Train Epoch: 61 	Loss: 0.474444, Accuracy: 16805/21000 (80.023810%)


Validation set: Loss: 0.2420, Accuracy: 8153/9000 (90.588889%)

The validation loss is improved from 0.2485 to 0.2420, new model weight is saved.
Train Epoch: 62 	Loss: 0.474457, Accuracy: 16839/21000 (80.185714%)


Validation set: Loss: 0.2413, Accuracy: 8126/9000 (90.288889%)

The validation loss is improved from 0.2420 to 0.2413, new model weight is saved.
Train Epoch: 63 	Loss: 0.469954, Accuracy: 16849/21000 (80.233333%)


Validation set: Loss: 0.2362, Accuracy: 8139/9000 (90.433333%)

The validation loss is improved from 0.2413 to 0.2362, new model weight is saved.
Train Epoch: 64 	Loss: 0.467771, Accuracy: 16856/21000 (80.266667%)


Validation set: Loss: 0.2343, Accuracy: 8145/9000 (90.500000%)

The validation loss is improved from 0.2362 to 0.2343, new model weight is saved.
Train Epoch: 65 	Loss: 0.462512, Accuracy: 16914/21000 (80.542857%)


Validation set: Loss: 0.2641, Accuracy: 7868/9000 (87.422222%)

The validation loss is not improved.
Train Epoch: 66 	Loss: 0.458518, Accuracy: 16943/21000 (80.680952%)


Validation set: Loss: 0.2180, Accuracy: 8190/9000 (91.000000%)

The validation loss is improved from 0.2343 to 0.2180, new model weight is saved.
Train Epoch: 67 	Loss: 0.450911, Accuracy: 16948/21000 (80.704762%)


Validation set: Loss: 0.2215, Accuracy: 8173/9000 (90.811111%)

The validation loss is not improved.
Train Epoch: 68 	Loss: 0.448694, Accuracy: 17031/21000 (81.100000%)


Validation set: Loss: 0.2317, Accuracy: 8101/9000 (90.011111%)

The validation loss is not improved.
Train Epoch: 69 	Loss: 0.449655, Accuracy: 16983/21000 (80.871429%)


Validation set: Loss: 0.2328, Accuracy: 8049/9000 (89.433333%)

The validation loss is not improved.
Train Epoch: 70 	Loss: 0.442483, Accuracy: 17056/21000 (81.219048%)


Validation set: Loss: 0.2106, Accuracy: 8180/9000 (90.888889%)

The validation loss is improved from 0.2180 to 0.2106, new model weight is saved.
Train Epoch: 71 	Loss: 0.440609, Accuracy: 17074/21000 (81.304762%)


Validation set: Loss: 0.1955, Accuracy: 8271/9000 (91.900000%)

The validation loss is improved from 0.2106 to 0.1955, new model weight is saved.
Train Epoch: 72 	Loss: 0.435759, Accuracy: 17101/21000 (81.433333%)


Validation set: Loss: 0.2359, Accuracy: 8043/9000 (89.366667%)

The validation loss is not improved.
Train Epoch: 73 	Loss: 0.428170, Accuracy: 17099/21000 (81.423810%)


Validation set: Loss: 0.1957, Accuracy: 8268/9000 (91.866667%)

The validation loss is not improved.
Train Epoch: 74 	Loss: 0.433906, Accuracy: 17083/21000 (81.347619%)


Validation set: Loss: 0.2211, Accuracy: 8106/9000 (90.066667%)

The validation loss is not improved.
Train Epoch: 75 	Loss: 0.428034, Accuracy: 17149/21000 (81.661905%)


Validation set: Loss: 0.1909, Accuracy: 8282/9000 (92.022222%)

The validation loss is improved from 0.1955 to 0.1909, new model weight is saved.
Train Epoch: 76 	Loss: 0.420577, Accuracy: 17225/21000 (82.023810%)


Validation set: Loss: 0.1859, Accuracy: 8288/9000 (92.088889%)

The validation loss is improved from 0.1909 to 0.1859, new model weight is saved.
Train Epoch: 77 	Loss: 0.423081, Accuracy: 17219/21000 (81.995238%)


Validation set: Loss: 0.1832, Accuracy: 8329/9000 (92.544444%)

The validation loss is improved from 0.1859 to 0.1832, new model weight is saved.
Train Epoch: 78 	Loss: 0.418318, Accuracy: 17285/21000 (82.309524%)


Validation set: Loss: 0.1837, Accuracy: 8314/9000 (92.377778%)

The validation loss is not improved.
Train Epoch: 79 	Loss: 0.417212, Accuracy: 17183/21000 (81.823810%)


Validation set: Loss: 0.1781, Accuracy: 8324/9000 (92.488889%)

The validation loss is improved from 0.1832 to 0.1781, new model weight is saved.
Train Epoch: 80 	Loss: 0.414377, Accuracy: 17283/21000 (82.300000%)


Validation set: Loss: 0.1877, Accuracy: 8269/9000 (91.877778%)

The validation loss is not improved.
Train Epoch: 81 	Loss: 0.417246, Accuracy: 17207/21000 (81.938095%)


Validation set: Loss: 0.1883, Accuracy: 8285/9000 (92.055556%)

The validation loss is not improved.
Train Epoch: 82 	Loss: 0.417069, Accuracy: 17303/21000 (82.395238%)


Validation set: Loss: 0.1729, Accuracy: 8389/9000 (93.211111%)

The validation loss is improved from 0.1781 to 0.1729, new model weight is saved.
Train Epoch: 83 	Loss: 0.406221, Accuracy: 17379/21000 (82.757143%)


Validation set: Loss: 0.1717, Accuracy: 8353/9000 (92.811111%)

The validation loss is improved from 0.1729 to 0.1717, new model weight is saved.
Train Epoch: 84 	Loss: 0.397783, Accuracy: 17422/21000 (82.961905%)


Validation set: Loss: 0.1842, Accuracy: 8282/9000 (92.022222%)

The validation loss is not improved.
Train Epoch: 85 	Loss: 0.400955, Accuracy: 17444/21000 (83.066667%)


Validation set: Loss: 0.1823, Accuracy: 8275/9000 (91.944444%)

The validation loss is not improved.
Train Epoch: 86 	Loss: 0.393243, Accuracy: 17476/21000 (83.219048%)


Validation set: Loss: 0.1786, Accuracy: 8325/9000 (92.500000%)

The validation loss is not improved.
Train Epoch: 87 	Loss: 0.392666, Accuracy: 17501/21000 (83.338095%)


Validation set: Loss: 0.1595, Accuracy: 8425/9000 (93.611111%)

The validation loss is improved from 0.1717 to 0.1595, new model weight is saved.
Train Epoch: 88 	Loss: 0.389159, Accuracy: 17489/21000 (83.280952%)


Validation set: Loss: 0.1545, Accuracy: 8448/9000 (93.866667%)

The validation loss is improved from 0.1595 to 0.1545, new model weight is saved.
Train Epoch: 89 	Loss: 0.392695, Accuracy: 17463/21000 (83.157143%)


Validation set: Loss: 0.1550, Accuracy: 8438/9000 (93.755556%)

The validation loss is not improved.
Train Epoch: 90 	Loss: 0.382823, Accuracy: 17577/21000 (83.700000%)


Validation set: Loss: 0.1534, Accuracy: 8449/9000 (93.877778%)

The validation loss is improved from 0.1545 to 0.1534, new model weight is saved.
Train Epoch: 91 	Loss: 0.386697, Accuracy: 17517/21000 (83.414286%)


Validation set: Loss: 0.1766, Accuracy: 8294/9000 (92.155556%)

The validation loss is not improved.
Train Epoch: 92 	Loss: 0.379763, Accuracy: 17589/21000 (83.757143%)


Validation set: Loss: 0.1482, Accuracy: 8446/9000 (93.844444%)

The validation loss is improved from 0.1534 to 0.1482, new model weight is saved.
Train Epoch: 93 	Loss: 0.388052, Accuracy: 17548/21000 (83.561905%)


Validation set: Loss: 0.1507, Accuracy: 8455/9000 (93.944444%)

The validation loss is not improved.
Train Epoch: 94 	Loss: 0.382943, Accuracy: 17636/21000 (83.980952%)


Validation set: Loss: 0.1435, Accuracy: 8501/9000 (94.455556%)

The validation loss is improved from 0.1482 to 0.1435, new model weight is saved.
Train Epoch: 95 	Loss: 0.376025, Accuracy: 17676/21000 (84.171429%)


Validation set: Loss: 0.1488, Accuracy: 8494/9000 (94.377778%)

The validation loss is not improved.
Train Epoch: 96 	Loss: 0.380562, Accuracy: 17588/21000 (83.752381%)


Validation set: Loss: 0.1419, Accuracy: 8493/9000 (94.366667%)

The validation loss is improved from 0.1435 to 0.1419, new model weight is saved.
Train Epoch: 97 	Loss: 0.379023, Accuracy: 17622/21000 (83.914286%)


Validation set: Loss: 0.1380, Accuracy: 8550/9000 (95.000000%)

The validation loss is improved from 0.1419 to 0.1380, new model weight is saved.
Train Epoch: 98 	Loss: 0.366584, Accuracy: 17837/21000 (84.938095%)


Validation set: Loss: 0.1407, Accuracy: 8503/9000 (94.477778%)

The validation loss is not improved.
Train Epoch: 99 	Loss: 0.367113, Accuracy: 17754/21000 (84.542857%)


Validation set: Loss: 0.1358, Accuracy: 8528/9000 (94.755556%)

The validation loss is improved from 0.1380 to 0.1358, new model weight is saved.
Train Epoch: 100 	Loss: 0.366207, Accuracy: 17732/21000 (84.438095%)


Validation set: Loss: 0.1441, Accuracy: 8473/9000 (94.144444%)

The validation loss is not improved.
Train Epoch: 101 	Loss: 0.361200, Accuracy: 17805/21000 (84.785714%)


Validation set: Loss: 0.1356, Accuracy: 8519/9000 (94.655556%)

The validation loss is improved from 0.1358 to 0.1356, new model weight is saved.
Train Epoch: 102 	Loss: 0.360162, Accuracy: 17803/21000 (84.776190%)


Validation set: Loss: 0.1354, Accuracy: 8504/9000 (94.488889%)

The validation loss is improved from 0.1356 to 0.1354, new model weight is saved.
Train Epoch: 103 	Loss: 0.359364, Accuracy: 17845/21000 (84.976190%)


Validation set: Loss: 0.1281, Accuracy: 8572/9000 (95.244444%)

The validation loss is improved from 0.1354 to 0.1281, new model weight is saved.
Train Epoch: 104 	Loss: 0.360568, Accuracy: 17834/21000 (84.923810%)


Validation set: Loss: 0.1219, Accuracy: 8599/9000 (95.544444%)

The validation loss is improved from 0.1281 to 0.1219, new model weight is saved.
Train Epoch: 105 	Loss: 0.350152, Accuracy: 17994/21000 (85.685714%)


Validation set: Loss: 0.1367, Accuracy: 8493/9000 (94.366667%)

The validation loss is not improved.
Train Epoch: 106 	Loss: 0.358502, Accuracy: 17887/21000 (85.176190%)


Validation set: Loss: 0.1296, Accuracy: 8570/9000 (95.222222%)

The validation loss is not improved.
Train Epoch: 107 	Loss: 0.346922, Accuracy: 17982/21000 (85.628571%)


Validation set: Loss: 0.1161, Accuracy: 8617/9000 (95.744444%)

The validation loss is improved from 0.1219 to 0.1161, new model weight is saved.
Train Epoch: 108 	Loss: 0.348258, Accuracy: 17963/21000 (85.538095%)


Validation set: Loss: 0.1255, Accuracy: 8560/9000 (95.111111%)

The validation loss is not improved.
Train Epoch: 109 	Loss: 0.349608, Accuracy: 17935/21000 (85.404762%)


Validation set: Loss: 0.1345, Accuracy: 8514/9000 (94.600000%)

The validation loss is not improved.
Train Epoch: 110 	Loss: 0.343760, Accuracy: 18009/21000 (85.757143%)


Validation set: Loss: 0.1133, Accuracy: 8635/9000 (95.944444%)

The validation loss is improved from 0.1161 to 0.1133, new model weight is saved.
Train Epoch: 111 	Loss: 0.333932, Accuracy: 18125/21000 (86.309524%)


Validation set: Loss: 0.1256, Accuracy: 8539/9000 (94.877778%)

The validation loss is not improved.
Train Epoch: 112 	Loss: 0.352258, Accuracy: 17926/21000 (85.361905%)


Validation set: Loss: 0.1388, Accuracy: 8464/9000 (94.044444%)

The validation loss is not improved.
Train Epoch: 113 	Loss: 0.347781, Accuracy: 17981/21000 (85.623810%)


Validation set: Loss: 0.1134, Accuracy: 8609/9000 (95.655556%)

The validation loss is not improved.
Train Epoch: 114 	Loss: 0.335582, Accuracy: 18049/21000 (85.947619%)


Validation set: Loss: 0.1096, Accuracy: 8647/9000 (96.077778%)

The validation loss is improved from 0.1133 to 0.1096, new model weight is saved.
Train Epoch: 115 	Loss: 0.335834, Accuracy: 18067/21000 (86.033333%)


Validation set: Loss: 0.1061, Accuracy: 8663/9000 (96.255556%)

The validation loss is improved from 0.1096 to 0.1061, new model weight is saved.
Train Epoch: 116 	Loss: 0.332525, Accuracy: 18119/21000 (86.280952%)


Validation set: Loss: 0.1104, Accuracy: 8639/9000 (95.988889%)

The validation loss is not improved.
Train Epoch: 117 	Loss: 0.333516, Accuracy: 18104/21000 (86.209524%)


Validation set: Loss: 0.1173, Accuracy: 8593/9000 (95.477778%)

The validation loss is not improved.
Train Epoch: 118 	Loss: 0.329951, Accuracy: 18141/21000 (86.385714%)


Validation set: Loss: 0.1069, Accuracy: 8654/9000 (96.155556%)

The validation loss is not improved.
Train Epoch: 119 	Loss: 0.329586, Accuracy: 18153/21000 (86.442857%)


Validation set: Loss: 0.0976, Accuracy: 8728/9000 (96.977778%)

The validation loss is improved from 0.1061 to 0.0976, new model weight is saved.
Train Epoch: 120 	Loss: 0.322421, Accuracy: 18224/21000 (86.780952%)


Validation set: Loss: 0.0983, Accuracy: 8694/9000 (96.600000%)

The validation loss is not improved.
Train Epoch: 121 	Loss: 0.324757, Accuracy: 18210/21000 (86.714286%)


Validation set: Loss: 0.0926, Accuracy: 8714/9000 (96.822222%)

The validation loss is improved from 0.0976 to 0.0926, new model weight is saved.
Train Epoch: 122 	Loss: 0.320143, Accuracy: 18255/21000 (86.928571%)


Validation set: Loss: 0.1086, Accuracy: 8647/9000 (96.077778%)

The validation loss is not improved.
Train Epoch: 123 	Loss: 0.314611, Accuracy: 18303/21000 (87.157143%)


Validation set: Loss: 0.0908, Accuracy: 8733/9000 (97.033333%)

The validation loss is improved from 0.0926 to 0.0908, new model weight is saved.
Train Epoch: 124 	Loss: 0.319156, Accuracy: 18187/21000 (86.604762%)


Validation set: Loss: 0.1084, Accuracy: 8633/9000 (95.922222%)

The validation loss is not improved.
Train Epoch: 125 	Loss: 0.314453, Accuracy: 18294/21000 (87.114286%)


Validation set: Loss: 0.1008, Accuracy: 8686/9000 (96.511111%)

The validation loss is not improved.
Train Epoch: 126 	Loss: 0.315810, Accuracy: 18245/21000 (86.880952%)


Validation set: Loss: 0.0872, Accuracy: 8758/9000 (97.311111%)

The validation loss is improved from 0.0908 to 0.0872, new model weight is saved.
Train Epoch: 127 	Loss: 0.316955, Accuracy: 18265/21000 (86.976190%)


Validation set: Loss: 0.0915, Accuracy: 8737/9000 (97.077778%)

The validation loss is not improved.
Train Epoch: 128 	Loss: 0.313357, Accuracy: 18307/21000 (87.176190%)


Validation set: Loss: 0.0854, Accuracy: 8735/9000 (97.055556%)

The validation loss is improved from 0.0872 to 0.0854, new model weight is saved.
Train Epoch: 129 	Loss: 0.306446, Accuracy: 18342/21000 (87.342857%)


Validation set: Loss: 0.0838, Accuracy: 8769/9000 (97.433333%)

The validation loss is improved from 0.0854 to 0.0838, new model weight is saved.
Train Epoch: 130 	Loss: 0.307859, Accuracy: 18287/21000 (87.080952%)


Validation set: Loss: 0.0926, Accuracy: 8690/9000 (96.555556%)

The validation loss is not improved.
Train Epoch: 131 	Loss: 0.307998, Accuracy: 18357/21000 (87.414286%)


Validation set: Loss: 0.0843, Accuracy: 8757/9000 (97.300000%)

The validation loss is not improved.
Train Epoch: 132 	Loss: 0.311962, Accuracy: 18297/21000 (87.128571%)


Validation set: Loss: 0.0794, Accuracy: 8784/9000 (97.600000%)

The validation loss is improved from 0.0838 to 0.0794, new model weight is saved.
Train Epoch: 133 	Loss: 0.316188, Accuracy: 18217/21000 (86.747619%)


Validation set: Loss: 0.0841, Accuracy: 8759/9000 (97.322222%)

The validation loss is not improved.
Train Epoch: 134 	Loss: 0.300142, Accuracy: 18452/21000 (87.866667%)


Validation set: Loss: 0.0865, Accuracy: 8727/9000 (96.966667%)

The validation loss is not improved.
Train Epoch: 135 	Loss: 0.305410, Accuracy: 18432/21000 (87.771429%)


Validation set: Loss: 0.0832, Accuracy: 8739/9000 (97.100000%)

The validation loss is not improved.
Train Epoch: 136 	Loss: 0.304548, Accuracy: 18432/21000 (87.771429%)


Validation set: Loss: 0.0737, Accuracy: 8787/9000 (97.633333%)

The validation loss is improved from 0.0794 to 0.0737, new model weight is saved.
Train Epoch: 137 	Loss: 0.293752, Accuracy: 18547/21000 (88.319048%)


Validation set: Loss: 0.0883, Accuracy: 8702/9000 (96.688889%)

The validation loss is not improved.
Train Epoch: 138 	Loss: 0.290497, Accuracy: 18556/21000 (88.361905%)


Validation set: Loss: 0.0785, Accuracy: 8784/9000 (97.600000%)

The validation loss is not improved.
Train Epoch: 139 	Loss: 0.298909, Accuracy: 18516/21000 (88.171429%)


Validation set: Loss: 0.0858, Accuracy: 8705/9000 (96.722222%)

The validation loss is not improved.
Train Epoch: 140 	Loss: 0.298918, Accuracy: 18500/21000 (88.095238%)


Validation set: Loss: 0.0706, Accuracy: 8802/9000 (97.800000%)

The validation loss is improved from 0.0737 to 0.0706, new model weight is saved.
Train Epoch: 141 	Loss: 0.294066, Accuracy: 18548/21000 (88.323810%)


Validation set: Loss: 0.0628, Accuracy: 8820/9000 (98.000000%)

The validation loss is improved from 0.0706 to 0.0628, new model weight is saved.
Train Epoch: 142 	Loss: 0.295479, Accuracy: 18606/21000 (88.600000%)


Validation set: Loss: 0.0746, Accuracy: 8776/9000 (97.511111%)

The validation loss is not improved.
Train Epoch: 143 	Loss: 0.278702, Accuracy: 18679/21000 (88.947619%)


Validation set: Loss: 0.0646, Accuracy: 8813/9000 (97.922222%)

The validation loss is not improved.
Train Epoch: 144 	Loss: 0.284944, Accuracy: 18598/21000 (88.561905%)


Validation set: Loss: 0.0625, Accuracy: 8821/9000 (98.011111%)

The validation loss is improved from 0.0628 to 0.0625, new model weight is saved.
Train Epoch: 145 	Loss: 0.282060, Accuracy: 18628/21000 (88.704762%)


Validation set: Loss: 0.0622, Accuracy: 8821/9000 (98.011111%)

The validation loss is improved from 0.0625 to 0.0622, new model weight is saved.
Train Epoch: 146 	Loss: 0.288102, Accuracy: 18572/21000 (88.438095%)


Validation set: Loss: 0.0673, Accuracy: 8812/9000 (97.911111%)

The validation loss is not improved.
Train Epoch: 147 	Loss: 0.287554, Accuracy: 18554/21000 (88.352381%)


Validation set: Loss: 0.0842, Accuracy: 8710/9000 (96.777778%)

The validation loss is not improved.
Train Epoch: 148 	Loss: 0.287628, Accuracy: 18633/21000 (88.728571%)


Validation set: Loss: 0.0601, Accuracy: 8826/9000 (98.066667%)

The validation loss is improved from 0.0622 to 0.0601, new model weight is saved.
Train Epoch: 149 	Loss: 0.278736, Accuracy: 18636/21000 (88.742857%)


Validation set: Loss: 0.0726, Accuracy: 8754/9000 (97.266667%)

The validation loss is not improved.
Train Epoch: 150 	Loss: 0.286322, Accuracy: 18634/21000 (88.733333%)


Validation set: Loss: 0.0605, Accuracy: 8823/9000 (98.033333%)

The validation loss is not improved.
Train Epoch: 151 	Loss: 0.285526, Accuracy: 18650/21000 (88.809524%)


Validation set: Loss: 0.0720, Accuracy: 8771/9000 (97.455556%)

The validation loss is not improved.
Train Epoch: 152 	Loss: 0.286503, Accuracy: 18649/21000 (88.804762%)


Validation set: Loss: 0.0542, Accuracy: 8853/9000 (98.366667%)

The validation loss is improved from 0.0601 to 0.0542, new model weight is saved.
Train Epoch: 153 	Loss: 0.273831, Accuracy: 18718/21000 (89.133333%)


Validation set: Loss: 0.0526, Accuracy: 8861/9000 (98.455556%)

The validation loss is improved from 0.0542 to 0.0526, new model weight is saved.
Train Epoch: 154 	Loss: 0.271995, Accuracy: 18758/21000 (89.323810%)


Validation set: Loss: 0.0610, Accuracy: 8825/9000 (98.055556%)

The validation loss is not improved.
Train Epoch: 155 	Loss: 0.278840, Accuracy: 18667/21000 (88.890476%)


Validation set: Loss: 0.0643, Accuracy: 8810/9000 (97.888889%)

The validation loss is not improved.
Train Epoch: 156 	Loss: 0.279617, Accuracy: 18676/21000 (88.933333%)


Validation set: Loss: 0.0535, Accuracy: 8849/9000 (98.322222%)

The validation loss is not improved.
Train Epoch: 157 	Loss: 0.283254, Accuracy: 18702/21000 (89.057143%)


Validation set: Loss: 0.0483, Accuracy: 8880/9000 (98.666667%)

The validation loss is improved from 0.0526 to 0.0483, new model weight is saved.
Train Epoch: 158 	Loss: 0.278939, Accuracy: 18698/21000 (89.038095%)


Validation set: Loss: 0.0667, Accuracy: 8772/9000 (97.466667%)

The validation loss is not improved.
Train Epoch: 159 	Loss: 0.278135, Accuracy: 18733/21000 (89.204762%)


Validation set: Loss: 0.0517, Accuracy: 8861/9000 (98.455556%)

The validation loss is not improved.
Train Epoch: 160 	Loss: 0.274294, Accuracy: 18690/21000 (89.000000%)


Validation set: Loss: 0.0476, Accuracy: 8869/9000 (98.544444%)

The validation loss is improved from 0.0483 to 0.0476, new model weight is saved.
Train Epoch: 161 	Loss: 0.273158, Accuracy: 18751/21000 (89.290476%)


Validation set: Loss: 0.0478, Accuracy: 8881/9000 (98.677778%)

The validation loss is not improved.
Train Epoch: 162 	Loss: 0.300855, Accuracy: 18526/21000 (88.219048%)


Validation set: Loss: 0.0597, Accuracy: 8804/9000 (97.822222%)

The validation loss is not improved.
Train Epoch: 163 	Loss: 0.274545, Accuracy: 18738/21000 (89.228571%)


Validation set: Loss: 0.0917, Accuracy: 8674/9000 (96.377778%)

The validation loss is not improved.
Train Epoch: 164 	Loss: 0.276674, Accuracy: 18724/21000 (89.161905%)


Validation set: Loss: 0.0462, Accuracy: 8872/9000 (98.577778%)

The validation loss is improved from 0.0476 to 0.0462, new model weight is saved.
Train Epoch: 165 	Loss: 0.260225, Accuracy: 18906/21000 (90.028571%)


Validation set: Loss: 0.0645, Accuracy: 8796/9000 (97.733333%)

The validation loss is not improved.
Train Epoch: 166 	Loss: 0.267166, Accuracy: 18777/21000 (89.414286%)


Validation set: Loss: 0.0422, Accuracy: 8895/9000 (98.833333%)

The validation loss is improved from 0.0462 to 0.0422, new model weight is saved.
Train Epoch: 167 	Loss: 0.259753, Accuracy: 18896/21000 (89.980952%)


Validation set: Loss: 0.0463, Accuracy: 8872/9000 (98.577778%)

The validation loss is not improved.
Train Epoch: 168 	Loss: 0.264980, Accuracy: 18885/21000 (89.928571%)


Validation set: Loss: 0.0454, Accuracy: 8869/9000 (98.544444%)

The validation loss is not improved.
Train Epoch: 169 	Loss: 0.273016, Accuracy: 18730/21000 (89.190476%)


Validation set: Loss: 0.0766, Accuracy: 8742/9000 (97.133333%)

The validation loss is not improved.
Train Epoch: 170 	Loss: 0.272329, Accuracy: 18786/21000 (89.457143%)


Validation set: Loss: 0.0466, Accuracy: 8854/9000 (98.377778%)

The validation loss is not improved.
Train Epoch: 171 	Loss: 0.272101, Accuracy: 18742/21000 (89.247619%)


Validation set: Loss: 0.0418, Accuracy: 8888/9000 (98.755556%)

The validation loss is improved from 0.0422 to 0.0418, new model weight is saved.
Train Epoch: 172 	Loss: 0.262873, Accuracy: 18858/21000 (89.800000%)


Validation set: Loss: 0.0459, Accuracy: 8881/9000 (98.677778%)

The validation loss is not improved.
Train Epoch: 173 	Loss: 0.263674, Accuracy: 18849/21000 (89.757143%)


Validation set: Loss: 0.0549, Accuracy: 8821/9000 (98.011111%)

The validation loss is not improved.
Train Epoch: 174 	Loss: 0.252693, Accuracy: 18948/21000 (90.228571%)


Validation set: Loss: 0.0431, Accuracy: 8889/9000 (98.766667%)

The validation loss is not improved.
Train Epoch: 175 	Loss: 0.263780, Accuracy: 18843/21000 (89.728571%)


Validation set: Loss: 0.0430, Accuracy: 8877/9000 (98.633333%)

The validation loss is not improved.
Train Epoch: 176 	Loss: 0.260364, Accuracy: 18874/21000 (89.876190%)


Validation set: Loss: 0.0405, Accuracy: 8884/9000 (98.711111%)

The validation loss is improved from 0.0418 to 0.0405, new model weight is saved.
Train Epoch: 177 	Loss: 0.256222, Accuracy: 18969/21000 (90.328571%)


Validation set: Loss: 0.0462, Accuracy: 8859/9000 (98.433333%)

The validation loss is not improved.
Train Epoch: 178 	Loss: 0.257014, Accuracy: 18923/21000 (90.109524%)


Validation set: Loss: 0.0393, Accuracy: 8891/9000 (98.788889%)

The validation loss is improved from 0.0405 to 0.0393, new model weight is saved.
Train Epoch: 179 	Loss: 0.257765, Accuracy: 18903/21000 (90.014286%)


Validation set: Loss: 0.0436, Accuracy: 8892/9000 (98.800000%)

The validation loss is not improved.
Train Epoch: 180 	Loss: 0.260900, Accuracy: 18836/21000 (89.695238%)


Validation set: Loss: 0.0356, Accuracy: 8920/9000 (99.111111%)

The validation loss is improved from 0.0393 to 0.0356, new model weight is saved.
Train Epoch: 181 	Loss: 0.257345, Accuracy: 18925/21000 (90.119048%)


Validation set: Loss: 0.0330, Accuracy: 8917/9000 (99.077778%)

The validation loss is improved from 0.0356 to 0.0330, new model weight is saved.
Train Epoch: 182 	Loss: 0.253128, Accuracy: 18940/21000 (90.190476%)


Validation set: Loss: 0.0344, Accuracy: 8912/9000 (99.022222%)

The validation loss is not improved.
Train Epoch: 183 	Loss: 0.247238, Accuracy: 19010/21000 (90.523810%)


Validation set: Loss: 0.0361, Accuracy: 8916/9000 (99.066667%)

The validation loss is not improved.
Train Epoch: 184 	Loss: 0.254739, Accuracy: 18998/21000 (90.466667%)


Validation set: Loss: 0.0353, Accuracy: 8910/9000 (99.000000%)

The validation loss is not improved.
Train Epoch: 185 	Loss: 0.253104, Accuracy: 18961/21000 (90.290476%)


Validation set: Loss: 0.0371, Accuracy: 8907/9000 (98.966667%)

The validation loss is not improved.
Train Epoch: 186 	Loss: 0.258939, Accuracy: 18913/21000 (90.061905%)


Validation set: Loss: 0.0491, Accuracy: 8845/9000 (98.277778%)

The validation loss is not improved.
Train Epoch: 187 	Loss: 0.250424, Accuracy: 18920/21000 (90.095238%)


Validation set: Loss: 0.0331, Accuracy: 8912/9000 (99.022222%)

The validation loss is not improved.
Train Epoch: 188 	Loss: 0.259445, Accuracy: 18913/21000 (90.061905%)


Validation set: Loss: 0.0339, Accuracy: 8914/9000 (99.044444%)

The validation loss is not improved.
Train Epoch: 189 	Loss: 0.254342, Accuracy: 18910/21000 (90.047619%)


Validation set: Loss: 0.0406, Accuracy: 8887/9000 (98.744444%)

The validation loss is not improved.
Train Epoch: 190 	Loss: 0.256276, Accuracy: 18944/21000 (90.209524%)


Validation set: Loss: 0.0338, Accuracy: 8903/9000 (98.922222%)

The validation loss is not improved.
Train Epoch: 191 	Loss: 0.264384, Accuracy: 18869/21000 (89.852381%)


Validation set: Loss: 0.0340, Accuracy: 8901/9000 (98.900000%)

The validation loss is not improved.
Early stopping: No improvement for 10 epochs. Training stopped.
Model Name: HermNet, Dataset Name: CD2025, Training Dataset: ['L1', 'L3', 'L4'], Testing Dataset: ['L2']
Test Accuracy = 0.9274
